### steps=200
arm                proj collided  ambig            kn            te            hi            en     ambig ctx
16:trunc          0.79M    1,609    243    9.363±0.04    8.147±0.04    6.153±0.01    6.044±0.03    7.360±0.03
16:fit-ends       0.79M      169    243    9.347±0.04    8.147±0.03    6.152±0.01    6.044±0.02    7.324±0.02
16:fit-wrap       0.79M        0    243    9.379±0.07    8.142±0.04    6.156±0.01    6.047±0.02    7.326±0.03
16:fit-rel        0.79M        0    243    9.356±0.04    8.151±0.03    6.153±0.01    6.048±0.02    7.359±0.01
### steps=400
arm                proj collided  ambig            kn            te            hi            en     ambig ctx
16:trunc          0.79M    1,609    243    9.523±0.02    7.886±0.01    5.875±0.01    5.743±0.02    7.313±0.04
16:fit-ends       0.79M      169    243    9.487±0.05    7.880±0.01    5.876±0.01    5.742±0.02    7.281±0.03
16:fit-wrap       0.79M        0    243    9.488±0.02    7.878±0.01    5.870±0.01    5.745±0.02    7.253±0.04
16:fit-rel        0.79M        0    243    9.459±0.05    7.891±0.01    5.873±0.01    5.749±0.03    7.314±0.02
### steps=800
arm                proj collided  ambig            kn            te            hi            en     ambig ctx
16:trunc          0.79M    1,609    243    9.806±0.14    7.971±0.02    5.834±0.02    5.666±0.01    7.513±0.06
16:fit-ends       0.79M      169    243    9.776±0.11    7.964±0.01    5.834±0.02    5.659±0.00    7.459±0.06
16:fit-wrap       0.79M        0    243    9.761±0.13    7.961±0.02    5.820±0.02    5.665±0.01    7.404±0.05
16:fit-rel        0.79M        0    243    9.760±0.09    7.985±0.01    5.833±0.01    5.661±0.01    7.496±0.05
### steps=1600
arm                proj collided  ambig            kn            te            hi            en     ambig ctx
16:trunc          0.79M    1,609    243   10.512±0.09    8.688±0.04    6.313±0.02    6.152±0.03    8.209±0.06
16:fit-ends       0.79M      169    243   10.459±0.01    8.674±0.03    6.296±0.04    6.145±0.03    8.141±0.05
16:fit-wrap       0.79M        0    243   10.459±0.05    8.660±0.07    6.311±0.04    6.138±0.04    8.058±0.04
16:fit-rel        0.79M        0    243   10.395±0.07    8.702±0.05    6.316±0.03    6.137±0.03    8.228±0.02
