session2-bpe: 3,000 tokens, D=8192, projection=orth, device=cuda

exact token recovery through W_proj, by token byte length (sparsity)
length known / blind
d_model           L 1-4         L 5-8        L 9-16       L 17-24       L 25-32
-------------------------------------------------------------------------------
64          80.7/53.4      5.9/2.2       0.0/0.0       0.0/0.0       0.0/0.0   
96          96.0/81.6     40.1/16.8      0.6/0.0       0.0/0.0       0.0/0.0   
128         99.4/89.4     68.1/34.9      4.0/1.1       0.0/0.0       0.0/0.0   
192        100.0/97.7     95.1/68.8     27.2/11.5      0.0/0.0       0.0/0.0   
256        100.0/99.2     99.5/87.8     56.0/32.5      1.1/0.0       0.0/0.0   
384        100.0/100.0   100.0/97.8     92.9/63.5     37.0/7.9       0.0/0.0   
512        100.0/100.0   100.0/99.5     98.1/84.9     74.1/30.4     19.5/5.3   
1024       100.0/100.0   100.0/100.0   100.0/99.9    100.0/92.3     98.5/69.1  
2048       100.0/100.0   100.0/100.0   100.0/100.0   100.0/100.0   100.0/95.4  
  (all tokens fit pos_dim=32; the released d_model would be far right)

robustness: recovery vs relative noise on the hidden vector (all tokens, length known)
d_model         0%       1%       2%       5%      10%      20%
---------------------------------------------------------------
256           58.5     58.6     58.7     58.8     58.3     56.5
512           85.8     85.8     85.8     85.8     85.6     84.9
1024          99.7     99.7     99.7     99.7     99.7     99.5
2048         100.0    100.0    100.0    100.0    100.0    100.0

what the output side costs, d_model=512
vocabulary       tied head d*V   head-free d*D    ratio
-------------------------------------------------------
Session 2                5.1M           4.2M     1.2x
GPT-2                   25.7M           4.2M     6.1x
V5                      67.1M           4.2M    16.0x
XLM-R                  128.0M           4.2M    30.5x
1M                     512.0M           4.2M   122.1x
  head-free does not depend on V at all -- that is the whole claim
